Lmod has detected the following error: These module(s) or extension(s) exist
but cannot be loaded as requested: "gcc"
   Try: "module spider gcc" to see how to load the module(s).



Lmod has detected the following error: These module(s) or extension(s) exist
but cannot be loaded as requested: "shared"
   Try: "module spider shared" to see how to load the module(s).



[1] "R version 4.4.2 (2024-10-31)"
[1] "/home/WUR/kreek001/.R_442_ext"                                              
[2] "/shared/easybuild/software/noble/2024/zen3/R/4.4.2-gfbf-2024a/lib/R/library"
Loading required package: Rcpp
[1] '1.34.0'
Loading required package: BiocGenerics

Attaching package: 'BiocGenerics'

The following objects are masked from 'package:stats':

    IQR, mad, sd, var, xtabs

The following objects are masked from 'package:base':

    Filter, Find, Map, Position, Reduce, anyDuplicated, aperm, append,
    as.data.frame, basename, cbind, colnames, dirname, do.call,
    duplicated, eval, evalq, get, grep, grepl, intersect, is.unsorted,
    lapply, mapply, match, mget, order, paste, pmax, pmax.int, pmin,
    pmin.int, rank, rbind, rownames, sapply, saveRDS, setdiff, table,
    tapply, union, unique, unsplit, which.max, which.min

Loading required package: BiocParallel
Loading required package: Biostrings
Loading required package: S4Vectors
Loading required package: stats4

Attaching package: 'S4Vectors'

The following object is masked from 'package:utils':

    findMatches

The following objects are masked from 'package:base':

    I, expand.grid, unname

Loading required package: IRanges
Loading required package: XVector
Loading required package: GenomeInfoDb

Attaching package: 'Biostrings'

The following object is masked from 'package:base':

    strsplit

Loading required package: Rsamtools
Loading required package: GenomicRanges
Loading required package: GenomicAlignments
Loading required package: SummarizedExperiment
Loading required package: MatrixGenerics
Loading required package: matrixStats

Attaching package: 'MatrixGenerics'

The following objects are masked from 'package:matrixStats':

    colAlls, colAnyNAs, colAnys, colAvgsPerRowSet, colCollapse,
    colCounts, colCummaxs, colCummins, colCumprods, colCumsums,
    colDiffs, colIQRDiffs, colIQRs, colLogSumExps, colMadDiffs,
    colMads, colMaxs, colMeans2, colMedians, colMins, colOrderStats,
    colProds, colQuantiles, colRanges, colRanks, colSdDiffs, colSds,
    colSums2, colTabulates, colVarDiffs, colVars, colWeightedMads,
    colWeightedMeans, colWeightedMedians, colWeightedSds,
    colWeightedVars, rowAlls, rowAnyNAs, rowAnys, rowAvgsPerColSet,
    rowCollapse, rowCounts, rowCummaxs, rowCummins, rowCumprods,
    rowCumsums, rowDiffs, rowIQRDiffs, rowIQRs, rowLogSumExps,
    rowMadDiffs, rowMads, rowMaxs, rowMeans2, rowMedians, rowMins,
    rowOrderStats, rowProds, rowQuantiles, rowRanges, rowRanks,
    rowSdDiffs, rowSds, rowSums2, rowTabulates, rowVarDiffs, rowVars,
    rowWeightedMads, rowWeightedMeans, rowWeightedMedians,
    rowWeightedSds, rowWeightedVars

Loading required package: Biobase
Welcome to Bioconductor

    Vignettes contain introductory material; view with
    'browseVignettes()'. To cite Bioconductor, see
    'citation("Biobase")', and for packages 'citation("pkgname")'.


Attaching package: 'Biobase'

The following object is masked from 'package:MatrixGenerics':

    rowMedians

The following objects are masked from 'package:matrixStats':

    anyMissing, rowMedians

[1] '1.64.0'

Attaching package: 'dplyr'

The following object is masked from 'package:ShortRead':

    id

The following objects are masked from 'package:GenomicAlignments':

    first, last

The following object is masked from 'package:Biobase':

    combine

The following object is masked from 'package:matrixStats':

    count

The following objects are masked from 'package:GenomicRanges':

    intersect, setdiff, union

The following objects are masked from 'package:Biostrings':

    collapse, intersect, setdiff, setequal, union

The following object is masked from 'package:GenomeInfoDb':

    intersect

The following object is masked from 'package:XVector':

    slice

The following objects are masked from 'package:IRanges':

    collapse, desc, intersect, setdiff, slice, union

The following objects are masked from 'package:S4Vectors':

    first, intersect, rename, setdiff, setequal, union

The following objects are masked from 'package:BiocGenerics':

    combine, intersect, setdiff, union

The following objects are masked from 'package:stats':

    filter, lag

The following objects are masked from 'package:base':

    intersect, setdiff, setequal, union

[1] '1.1.4'

Attaching package: 'tidyr'

The following object is masked from 'package:S4Vectors':

    expand

[1] '1.3.1'

Attaching package: 'Hmisc'

The following objects are masked from 'package:dplyr':

    src, summarize

The following object is masked from 'package:ShortRead':

    zoom

The following object is masked from 'package:Biobase':

    contents

The following objects are masked from 'package:Biostrings':

    mask, translate

The following objects are masked from 'package:base':

    format.pval, units

[1] '5.2.3'
[1] '4.0.0'

Attaching package: 'plotly'

The following object is masked from 'package:ggplot2':

    last_plot

The following object is masked from 'package:Hmisc':

    subplot

The following object is masked from 'package:XVector':

    slice

The following object is masked from 'package:IRanges':

    slice

The following object is masked from 'package:S4Vectors':

    rename

The following object is masked from 'package:stats':

    filter

The following object is masked from 'package:graphics':

    layout

[1] '4.11.0'
Creating output directory: /lustre/nobackup/INDIVIDUAL/kreek001/TwelveAccessionExp_AllData_output_slurm/02_filter/preprocessed_F/filtered
Creating output directory:/lustre/nobackup/INDIVIDUAL/kreek001/TwelveAccessionExp_AllData_output_slurm/02_filter/preprocessed_R/filtered
Read in 223 paired-sequences, output 214 (96%) filtered paired-sequences.
Read in 725 paired-sequences, output 693 (95.6%) filtered paired-sequences.
Read in 6595 paired-sequences, output 6351 (96.3%) filtered paired-sequences.
Read in 1422 paired-sequences, output 1366 (96.1%) filtered paired-sequences.
Read in 4913 paired-sequences, output 4726 (96.2%) filtered paired-sequences.
Read in 59644 paired-sequences, output 55981 (93.9%) filtered paired-sequences.
Read in 62980 paired-sequences, output 58536 (92.9%) filtered paired-sequences.
Read in 62514 paired-sequences, output 58129 (93%) filtered paired-sequences.
Read in 69556 paired-sequences, output 64894 (93.3%) filtered paired-sequences.
Read in 63852 paired-sequences, output 59426 (93.1%) filtered paired-sequences.
Read in 63524 paired-sequences, output 58945 (92.8%) filtered paired-sequences.
Read in 60485 paired-sequences, output 56205 (92.9%) filtered paired-sequences.
Read in 60147 paired-sequences, output 56131 (93.3%) filtered paired-sequences.
Read in 61320 paired-sequences, output 57266 (93.4%) filtered paired-sequences.
Read in 63186 paired-sequences, output 58700 (92.9%) filtered paired-sequences.
Read in 60599 paired-sequences, output 56680 (93.5%) filtered paired-sequences.
Read in 61444 paired-sequences, output 57378 (93.4%) filtered paired-sequences.
Read in 62216 paired-sequences, output 57702 (92.7%) filtered paired-sequences.
Read in 63860 paired-sequences, output 59300 (92.9%) filtered paired-sequences.
Read in 63029 paired-sequences, output 58873 (93.4%) filtered paired-sequences.
Read in 60835 paired-sequences, output 56593 (93%) filtered paired-sequences.
Read in 63718 paired-sequences, output 59179 (92.9%) filtered paired-sequences.
Read in 60020 paired-sequences, output 55945 (93.2%) filtered paired-sequences.
Read in 60236 paired-sequences, output 56438 (93.7%) filtered paired-sequences.
Read in 59719 paired-sequences, output 55358 (92.7%) filtered paired-sequences.
Read in 62156 paired-sequences, output 57596 (92.7%) filtered paired-sequences.
Read in 63082 paired-sequences, output 58246 (92.3%) filtered paired-sequences.
Read in 64584 paired-sequences, output 60197 (93.2%) filtered paired-sequences.
Read in 35739 paired-sequences, output 33476 (93.7%) filtered paired-sequences.
Read in 64354 paired-sequences, output 60255 (93.6%) filtered paired-sequences.
Read in 60759 paired-sequences, output 56810 (93.5%) filtered paired-sequences.
Read in 61529 paired-sequences, output 57429 (93.3%) filtered paired-sequences.
Read in 62319 paired-sequences, output 58161 (93.3%) filtered paired-sequences.
Read in 59805 paired-sequences, output 55574 (92.9%) filtered paired-sequences.
Read in 61415 paired-sequences, output 57213 (93.2%) filtered paired-sequences.
Read in 64853 paired-sequences, output 60023 (92.6%) filtered paired-sequences.
Read in 70917 paired-sequences, output 66207 (93.4%) filtered paired-sequences.
Read in 60762 paired-sequences, output 56253 (92.6%) filtered paired-sequences.
Read in 61504 paired-sequences, output 57476 (93.5%) filtered paired-sequences.
Read in 59232 paired-sequences, output 55570 (93.8%) filtered paired-sequences.
Read in 63818 paired-sequences, output 59567 (93.3%) filtered paired-sequences.
Read in 63147 paired-sequences, output 58866 (93.2%) filtered paired-sequences.
Read in 63694 paired-sequences, output 59615 (93.6%) filtered paired-sequences.
Read in 64310 paired-sequences, output 59743 (92.9%) filtered paired-sequences.
Read in 59842 paired-sequences, output 55584 (92.9%) filtered paired-sequences.
Read in 60707 paired-sequences, output 56531 (93.1%) filtered paired-sequences.
Read in 59960 paired-sequences, output 55498 (92.6%) filtered paired-sequences.
Read in 63592 paired-sequences, output 59389 (93.4%) filtered paired-sequences.
Read in 61210 paired-sequences, output 57085 (93.3%) filtered paired-sequences.
Read in 76056 paired-sequences, output 70547 (92.8%) filtered paired-sequences.
Read in 61461 paired-sequences, output 57389 (93.4%) filtered paired-sequences.
Read in 75109 paired-sequences, output 69680 (92.8%) filtered paired-sequences.
Read in 75913 paired-sequences, output 70852 (93.3%) filtered paired-sequences.
Read in 60535 paired-sequences, output 57976 (95.8%) filtered paired-sequences.
Read in 66458 paired-sequences, output 63537 (95.6%) filtered paired-sequences.
Read in 68700 paired-sequences, output 65733 (95.7%) filtered paired-sequences.
Read in 72655 paired-sequences, output 69549 (95.7%) filtered paired-sequences.
Read in 62171 paired-sequences, output 59501 (95.7%) filtered paired-sequences.
Read in 64651 paired-sequences, output 61699 (95.4%) filtered paired-sequences.
Read in 63753 paired-sequences, output 61133 (95.9%) filtered paired-sequences.
Read in 65442 paired-sequences, output 62757 (95.9%) filtered paired-sequences.
Read in 61805 paired-sequences, output 59280 (95.9%) filtered paired-sequences.
Read in 61895 paired-sequences, output 59327 (95.9%) filtered paired-sequences.
Read in 63384 paired-sequences, output 60811 (95.9%) filtered paired-sequences.
Read in 63195 paired-sequences, output 60646 (96%) filtered paired-sequences.
Read in 60251 paired-sequences, output 57721 (95.8%) filtered paired-sequences.
Read in 64784 paired-sequences, output 61994 (95.7%) filtered paired-sequences.
Read in 61584 paired-sequences, output 58729 (95.4%) filtered paired-sequences.
Read in 60338 paired-sequences, output 57922 (96%) filtered paired-sequences.
Read in 59809 paired-sequences, output 57286 (95.8%) filtered paired-sequences.
Read in 63845 paired-sequences, output 60793 (95.2%) filtered paired-sequences.
Read in 61692 paired-sequences, output 58876 (95.4%) filtered paired-sequences.
Read in 63252 paired-sequences, output 60600 (95.8%) filtered paired-sequences.
Read in 63312 paired-sequences, output 60161 (95%) filtered paired-sequences.
Read in 60202 paired-sequences, output 57835 (96.1%) filtered paired-sequences.
Read in 74090 paired-sequences, output 70893 (95.7%) filtered paired-sequences.
Read in 73964 paired-sequences, output 70928 (95.9%) filtered paired-sequences.
Read in 63995 paired-sequences, output 61068 (95.4%) filtered paired-sequences.
Read in 50886 paired-sequences, output 48637 (95.6%) filtered paired-sequences.
Read in 60427 paired-sequences, output 58071 (96.1%) filtered paired-sequences.
Read in 62976 paired-sequences, output 60392 (95.9%) filtered paired-sequences.
Read in 63081 paired-sequences, output 60203 (95.4%) filtered paired-sequences.
Read in 71700 paired-sequences, output 68678 (95.8%) filtered paired-sequences.
Read in 60274 paired-sequences, output 57626 (95.6%) filtered paired-sequences.
Read in 63372 paired-sequences, output 60561 (95.6%) filtered paired-sequences.
Read in 62485 paired-sequences, output 59996 (96%) filtered paired-sequences.
Read in 62074 paired-sequences, output 59210 (95.4%) filtered paired-sequences.
Read in 69216 paired-sequences, output 66219 (95.7%) filtered paired-sequences.
Read in 63364 paired-sequences, output 60611 (95.7%) filtered paired-sequences.
Read in 62718 paired-sequences, output 59860 (95.4%) filtered paired-sequences.
Read in 62655 paired-sequences, output 59737 (95.3%) filtered paired-sequences.
Read in 62402 paired-sequences, output 59801 (95.8%) filtered paired-sequences.
Read in 61718 paired-sequences, output 59101 (95.8%) filtered paired-sequences.
Read in 60823 paired-sequences, output 58198 (95.7%) filtered paired-sequences.
Read in 68986 paired-sequences, output 65949 (95.6%) filtered paired-sequences.
Read in 60205 paired-sequences, output 57762 (95.9%) filtered paired-sequences.
Read in 60380 paired-sequences, output 57690 (95.5%) filtered paired-sequences.
Read in 64379 paired-sequences, output 61462 (95.5%) filtered paired-sequences.
Read in 65565 paired-sequences, output 63217 (96.4%) filtered paired-sequences.
Read in 64406 paired-sequences, output 61614 (95.7%) filtered paired-sequences.
Read in 60226 paired-sequences, output 57467 (95.4%) filtered paired-sequences.
Read in 68844 paired-sequences, output 64281 (93.4%) filtered paired-sequences.
Read in 62977 paired-sequences, output 58611 (93.1%) filtered paired-sequences.
Read in 62551 paired-sequences, output 58379 (93.3%) filtered paired-sequences.
Read in 61927 paired-sequences, output 57741 (93.2%) filtered paired-sequences.
Read in 60660 paired-sequences, output 56671 (93.4%) filtered paired-sequences.
Read in 62434 paired-sequences, output 58306 (93.4%) filtered paired-sequences.
Read in 63241 paired-sequences, output 58732 (92.9%) filtered paired-sequences.
Read in 60164 paired-sequences, output 56159 (93.3%) filtered paired-sequences.
Read in 60395 paired-sequences, output 56392 (93.4%) filtered paired-sequences.
Read in 62604 paired-sequences, output 58227 (93%) filtered paired-sequences.
Read in 62826 paired-sequences, output 58457 (93%) filtered paired-sequences.
Read in 62032 paired-sequences, output 57830 (93.2%) filtered paired-sequences.
Read in 61580 paired-sequences, output 57420 (93.2%) filtered paired-sequences.
Read in 61396 paired-sequences, output 57061 (92.9%) filtered paired-sequences.
Read in 59948 paired-sequences, output 55924 (93.3%) filtered paired-sequences.
Read in 61889 paired-sequences, output 57896 (93.5%) filtered paired-sequences.
Read in 59923 paired-sequences, output 55730 (93%) filtered paired-sequences.
Read in 60219 paired-sequences, output 55961 (92.9%) filtered paired-sequences.
Read in 60400 paired-sequences, output 56227 (93.1%) filtered paired-sequences.
Read in 62243 paired-sequences, output 57985 (93.2%) filtered paired-sequences.
Read in 60661 paired-sequences, output 56474 (93.1%) filtered paired-sequences.
Read in 59964 paired-sequences, output 56313 (93.9%) filtered paired-sequences.
Read in 66869 paired-sequences, output 62815 (93.9%) filtered paired-sequences.
Read in 73523 paired-sequences, output 68802 (93.6%) filtered paired-sequences.
Read in 63773 paired-sequences, output 59521 (93.3%) filtered paired-sequences.
Read in 60344 paired-sequences, output 56072 (92.9%) filtered paired-sequences.
Read in 63757 paired-sequences, output 59177 (92.8%) filtered paired-sequences.
Read in 62472 paired-sequences, output 57889 (92.7%) filtered paired-sequences.
Read in 62542 paired-sequences, output 58417 (93.4%) filtered paired-sequences.
Read in 70966 paired-sequences, output 65942 (92.9%) filtered paired-sequences.
Read in 63371 paired-sequences, output 59329 (93.6%) filtered paired-sequences.
Read in 64199 paired-sequences, output 59951 (93.4%) filtered paired-sequences.
Read in 62639 paired-sequences, output 58282 (93%) filtered paired-sequences.
Read in 59706 paired-sequences, output 55586 (93.1%) filtered paired-sequences.
Read in 62126 paired-sequences, output 58134 (93.6%) filtered paired-sequences.
Read in 62900 paired-sequences, output 58465 (92.9%) filtered paired-sequences.
Read in 76288 paired-sequences, output 71013 (93.1%) filtered paired-sequences.
Read in 60585 paired-sequences, output 56503 (93.3%) filtered paired-sequences.
Read in 67962 paired-sequences, output 63242 (93.1%) filtered paired-sequences.
Read in 62001 paired-sequences, output 57691 (93%) filtered paired-sequences.
Read in 63096 paired-sequences, output 58880 (93.3%) filtered paired-sequences.
Read in 60576 paired-sequences, output 55904 (92.3%) filtered paired-sequences.
Read in 63026 paired-sequences, output 58895 (93.4%) filtered paired-sequences.
Read in 61207 paired-sequences, output 56355 (92.1%) filtered paired-sequences.
Read in 67002 paired-sequences, output 62247 (92.9%) filtered paired-sequences.
Read in 64012 paired-sequences, output 59592 (93.1%) filtered paired-sequences.
Read in 59542 paired-sequences, output 55519 (93.2%) filtered paired-sequences.
Read in 63257 paired-sequences, output 58900 (93.1%) filtered paired-sequences.
Read in 62828 paired-sequences, output 58425 (93%) filtered paired-sequences.
Read in 61501 paired-sequences, output 57278 (93.1%) filtered paired-sequences.
Read in 62790 paired-sequences, output 58378 (93%) filtered paired-sequences.
Read in 63178 paired-sequences, output 59056 (93.5%) filtered paired-sequences.
Read in 63825 paired-sequences, output 59633 (93.4%) filtered paired-sequences.
Read in 61038 paired-sequences, output 57124 (93.6%) filtered paired-sequences.
Read in 60323 paired-sequences, output 56182 (93.1%) filtered paired-sequences.
Read in 59824 paired-sequences, output 55818 (93.3%) filtered paired-sequences.
Read in 63965 paired-sequences, output 59906 (93.7%) filtered paired-sequences.
Read in 62146 paired-sequences, output 57637 (92.7%) filtered paired-sequences.
Read in 61412 paired-sequences, output 57258 (93.2%) filtered paired-sequences.
Read in 60138 paired-sequences, output 55825 (92.8%) filtered paired-sequences.
Read in 62367 paired-sequences, output 58307 (93.5%) filtered paired-sequences.
Read in 68219 paired-sequences, output 63939 (93.7%) filtered paired-sequences.
Read in 61265 paired-sequences, output 56711 (92.6%) filtered paired-sequences.
Read in 60413 paired-sequences, output 55998 (92.7%) filtered paired-sequences.
Read in 74699 paired-sequences, output 69835 (93.5%) filtered paired-sequences.
Read in 61891 paired-sequences, output 57187 (92.4%) filtered paired-sequences.
Read in 67572 paired-sequences, output 63305 (93.7%) filtered paired-sequences.
Read in 64031 paired-sequences, output 59793 (93.4%) filtered paired-sequences.
Read in 60779 paired-sequences, output 56821 (93.5%) filtered paired-sequences.
Read in 59512 paired-sequences, output 55240 (92.8%) filtered paired-sequences.
Read in 76034 paired-sequences, output 70756 (93.1%) filtered paired-sequences.
Read in 63425 paired-sequences, output 59540 (93.9%) filtered paired-sequences.
Read in 74108 paired-sequences, output 69208 (93.4%) filtered paired-sequences.
Read in 61736 paired-sequences, output 56898 (92.2%) filtered paired-sequences.
Read in 62531 paired-sequences, output 58381 (93.4%) filtered paired-sequences.
Read in 61778 paired-sequences, output 57487 (93.1%) filtered paired-sequences.
Read in 72371 paired-sequences, output 67328 (93%) filtered paired-sequences.
Read in 60688 paired-sequences, output 56771 (93.5%) filtered paired-sequences.
Read in 64009 paired-sequences, output 59400 (92.8%) filtered paired-sequences.
Read in 63845 paired-sequences, output 59435 (93.1%) filtered paired-sequences.
Read in 61657 paired-sequences, output 57583 (93.4%) filtered paired-sequences.
Read in 64157 paired-sequences, output 59677 (93%) filtered paired-sequences.
Read in 59746 paired-sequences, output 55528 (92.9%) filtered paired-sequences.
Read in 60550 paired-sequences, output 56361 (93.1%) filtered paired-sequences.
Read in 63357 paired-sequences, output 59061 (93.2%) filtered paired-sequences.
Read in 61784 paired-sequences, output 57616 (93.3%) filtered paired-sequences.
Read in 63875 paired-sequences, output 59473 (93.1%) filtered paired-sequences.
Read in 61569 paired-sequences, output 57383 (93.2%) filtered paired-sequences.
Read in 62498 paired-sequences, output 57875 (92.6%) filtered paired-sequences.
Read in 60616 paired-sequences, output 56497 (93.2%) filtered paired-sequences.
Read in 61257 paired-sequences, output 57357 (93.6%) filtered paired-sequences.
Read in 62019 paired-sequences, output 57803 (93.2%) filtered paired-sequences.
Read in 63764 paired-sequences, output 59038 (92.6%) filtered paired-sequences.
Read in 63265 paired-sequences, output 58830 (93%) filtered paired-sequences.
Read in 66950 paired-sequences, output 62531 (93.4%) filtered paired-sequences.
Read in 60299 paired-sequences, output 55873 (92.7%) filtered paired-sequences.
Read in 60478 paired-sequences, output 58240 (96.3%) filtered paired-sequences.
Read in 62508 paired-sequences, output 60213 (96.3%) filtered paired-sequences.
Read in 62474 paired-sequences, output 60179 (96.3%) filtered paired-sequences.
Read in 62607 paired-sequences, output 60207 (96.2%) filtered paired-sequences.
Read in 74374 paired-sequences, output 71754 (96.5%) filtered paired-sequences.
Read in 63367 paired-sequences, output 60941 (96.2%) filtered paired-sequences.
Read in 68941 paired-sequences, output 66239 (96.1%) filtered paired-sequences.
Read in 64574 paired-sequences, output 62215 (96.3%) filtered paired-sequences.
Read in 61269 paired-sequences, output 59119 (96.5%) filtered paired-sequences.
Read in 63113 paired-sequences, output 60841 (96.4%) filtered paired-sequences.
Read in 61599 paired-sequences, output 59276 (96.2%) filtered paired-sequences.
Read in 56192 paired-sequences, output 54190 (96.4%) filtered paired-sequences.
Read in 45911 paired-sequences, output 44392 (96.7%) filtered paired-sequences.
Read in 74871 paired-sequences, output 72296 (96.6%) filtered paired-sequences.
Read in 62107 paired-sequences, output 59859 (96.4%) filtered paired-sequences.
Read in 63349 paired-sequences, output 60741 (95.9%) filtered paired-sequences.
Read in 64064 paired-sequences, output 61592 (96.1%) filtered paired-sequences.
Read in 58772 paired-sequences, output 56766 (96.6%) filtered paired-sequences.
Read in 64343 paired-sequences, output 62027 (96.4%) filtered paired-sequences.
Read in 70364 paired-sequences, output 67967 (96.6%) filtered paired-sequences.
Read in 62287 paired-sequences, output 60093 (96.5%) filtered paired-sequences.
Read in 62072 paired-sequences, output 59869 (96.5%) filtered paired-sequences.
Read in 61742 paired-sequences, output 59404 (96.2%) filtered paired-sequences.
Read in 72540 paired-sequences, output 69780 (96.2%) filtered paired-sequences.
Read in 46805 paired-sequences, output 44957 (96.1%) filtered paired-sequences.
Read in 63505 paired-sequences, output 61218 (96.4%) filtered paired-sequences.
Read in 60416 paired-sequences, output 58239 (96.4%) filtered paired-sequences.
Read in 64699 paired-sequences, output 62364 (96.4%) filtered paired-sequences.
Read in 62615 paired-sequences, output 60418 (96.5%) filtered paired-sequences.
Read in 64313 paired-sequences, output 61824 (96.1%) filtered paired-sequences.
Read in 61671 paired-sequences, output 59486 (96.5%) filtered paired-sequences.
Read in 64184 paired-sequences, output 62007 (96.6%) filtered paired-sequences.
Read in 62082 paired-sequences, output 59730 (96.2%) filtered paired-sequences.
Read in 61794 paired-sequences, output 59447 (96.2%) filtered paired-sequences.
Read in 61439 paired-sequences, output 59136 (96.3%) filtered paired-sequences.
Read in 60418 paired-sequences, output 58010 (96%) filtered paired-sequences.
Read in 59696 paired-sequences, output 57722 (96.7%) filtered paired-sequences.
Read in 70524 paired-sequences, output 68022 (96.5%) filtered paired-sequences.
Read in 72540 paired-sequences, output 69620 (96%) filtered paired-sequences.
Read in 69640 paired-sequences, output 67085 (96.3%) filtered paired-sequences.
Read in 62839 paired-sequences, output 60252 (95.9%) filtered paired-sequences.
Read in 62776 paired-sequences, output 59995 (95.6%) filtered paired-sequences.
Read in 71253 paired-sequences, output 68592 (96.3%) filtered paired-sequences.
Read in 60777 paired-sequences, output 58561 (96.4%) filtered paired-sequences.
Read in 61791 paired-sequences, output 59571 (96.4%) filtered paired-sequences.
Read in 61213 paired-sequences, output 58630 (95.8%) filtered paired-sequences.
Read in 65833 paired-sequences, output 63496 (96.5%) filtered paired-sequences.
Read in 61635 paired-sequences, output 59188 (96%) filtered paired-sequences.
Read in 63673 paired-sequences, output 59594 (93.6%) filtered paired-sequences.
Read in 61827 paired-sequences, output 58006 (93.8%) filtered paired-sequences.
Read in 63484 paired-sequences, output 59480 (93.7%) filtered paired-sequences.
Read in 62269 paired-sequences, output 58157 (93.4%) filtered paired-sequences.
Read in 62162 paired-sequences, output 58177 (93.6%) filtered paired-sequences.
Read in 68638 paired-sequences, output 63908 (93.1%) filtered paired-sequences.
Read in 63117 paired-sequences, output 58706 (93%) filtered paired-sequences.
Read in 64784 paired-sequences, output 60634 (93.6%) filtered paired-sequences.
Read in 61507 paired-sequences, output 57208 (93%) filtered paired-sequences.
Read in 61918 paired-sequences, output 57972 (93.6%) filtered paired-sequences.
Read in 39412 paired-sequences, output 36894 (93.6%) filtered paired-sequences.
Read in 64195 paired-sequences, output 59464 (92.6%) filtered paired-sequences.
Read in 74560 paired-sequences, output 69497 (93.2%) filtered paired-sequences.
Read in 60711 paired-sequences, output 56793 (93.5%) filtered paired-sequences.
Read in 66234 paired-sequences, output 61104 (92.3%) filtered paired-sequences.
Read in 62120 paired-sequences, output 58175 (93.6%) filtered paired-sequences.
Read in 96607 paired-sequences, output 91285 (94.5%) filtered paired-sequences.
Read in 64469 paired-sequences, output 59909 (92.9%) filtered paired-sequences.
Read in 49789 paired-sequences, output 46394 (93.2%) filtered paired-sequences.
Read in 62637 paired-sequences, output 58453 (93.3%) filtered paired-sequences.
Read in 60240 paired-sequences, output 56461 (93.7%) filtered paired-sequences.
Read in 60088 paired-sequences, output 56187 (93.5%) filtered paired-sequences.
Read in 63820 paired-sequences, output 59114 (92.6%) filtered paired-sequences.
Read in 62820 paired-sequences, output 58730 (93.5%) filtered paired-sequences.
Read in 61188 paired-sequences, output 57118 (93.3%) filtered paired-sequences.
Read in 61197 paired-sequences, output 56938 (93%) filtered paired-sequences.
Read in 61755 paired-sequences, output 57905 (93.8%) filtered paired-sequences.
Read in 61579 paired-sequences, output 57476 (93.3%) filtered paired-sequences.
Read in 64112 paired-sequences, output 59956 (93.5%) filtered paired-sequences.
Read in 63513 paired-sequences, output 58958 (92.8%) filtered paired-sequences.
Read in 70894 paired-sequences, output 65974 (93.1%) filtered paired-sequences.
Read in 76015 paired-sequences, output 70676 (93%) filtered paired-sequences.
Read in 61314 paired-sequences, output 57257 (93.4%) filtered paired-sequences.
Read in 70975 paired-sequences, output 66331 (93.5%) filtered paired-sequences.
Read in 59862 paired-sequences, output 55951 (93.5%) filtered paired-sequences.
Read in 54634 paired-sequences, output 51162 (93.6%) filtered paired-sequences.
Read in 62345 paired-sequences, output 58368 (93.6%) filtered paired-sequences.
Read in 62755 paired-sequences, output 58467 (93.2%) filtered paired-sequences.
Read in 61304 paired-sequences, output 57397 (93.6%) filtered paired-sequences.
Read in 29256 paired-sequences, output 27458 (93.9%) filtered paired-sequences.
Read in 63717 paired-sequences, output 59561 (93.5%) filtered paired-sequences.
Read in 73548 paired-sequences, output 68599 (93.3%) filtered paired-sequences.
Read in 60387 paired-sequences, output 56365 (93.3%) filtered paired-sequences.
Read in 64334 paired-sequences, output 60208 (93.6%) filtered paired-sequences.
Read in 60930 paired-sequences, output 57003 (93.6%) filtered paired-sequences.
Read in 64149 paired-sequences, output 59795 (93.2%) filtered paired-sequences.
Read in 61848 paired-sequences, output 57582 (93.1%) filtered paired-sequences.
Read in 70344 paired-sequences, output 65823 (93.6%) filtered paired-sequences.
Read in 59650 paired-sequences, output 55727 (93.4%) filtered paired-sequences.
Read in 63462 paired-sequences, output 59101 (93.1%) filtered paired-sequences.
Read in 61288 paired-sequences, output 57308 (93.5%) filtered paired-sequences.
Read in 60492 paired-sequences, output 55938 (92.5%) filtered paired-sequences.
Read in 60989 paired-sequences, output 56721 (93%) filtered paired-sequences.
Read in 88183 paired-sequences, output 83054 (94.2%) filtered paired-sequences.
Read in 60762 paired-sequences, output 56679 (93.3%) filtered paired-sequences.
Read in 66659 paired-sequences, output 62026 (93%) filtered paired-sequences.
Read in 49063 paired-sequences, output 45747 (93.2%) filtered paired-sequences.
Read in 75728 paired-sequences, output 70769 (93.5%) filtered paired-sequences.
Read in 73746 paired-sequences, output 68580 (93%) filtered paired-sequences.
Read in 65126 paired-sequences, output 60247 (92.5%) filtered paired-sequences.
Read in 60584 paired-sequences, output 55707 (92%) filtered paired-sequences.
Read in 61588 paired-sequences, output 56905 (92.4%) filtered paired-sequences.
Read in 62358 paired-sequences, output 57870 (92.8%) filtered paired-sequences.
Read in 44538 paired-sequences, output 41864 (94%) filtered paired-sequences.
Read in 85160 paired-sequences, output 80651 (94.7%) filtered paired-sequences.
Read in 60149 paired-sequences, output 56376 (93.7%) filtered paired-sequences.
Read in 60841 paired-sequences, output 56999 (93.7%) filtered paired-sequences.
Read in 61273 paired-sequences, output 57132 (93.2%) filtered paired-sequences.
Read in 60752 paired-sequences, output 56590 (93.1%) filtered paired-sequences.
Read in 59828 paired-sequences, output 55529 (92.8%) filtered paired-sequences.
Read in 61475 paired-sequences, output 57276 (93.2%) filtered paired-sequences.
Read in 62203 paired-sequences, output 57356 (92.2%) filtered paired-sequences.
Read in 62226 paired-sequences, output 57779 (92.9%) filtered paired-sequences.
Read in 77209 paired-sequences, output 72134 (93.4%) filtered paired-sequences.
Read in 60648 paired-sequences, output 55615 (91.7%) filtered paired-sequences.
Read in 77755 paired-sequences, output 72870 (93.7%) filtered paired-sequences.
Read in 77470 paired-sequences, output 73331 (94.7%) filtered paired-sequences.
Read in 44848 paired-sequences, output 41934 (93.5%) filtered paired-sequences.
Read in 63307 paired-sequences, output 59043 (93.3%) filtered paired-sequences.
Read in 44406 paired-sequences, output 41380 (93.2%) filtered paired-sequences.
Read in 63353 paired-sequences, output 58863 (92.9%) filtered paired-sequences.
Read in 34822 paired-sequences, output 32609 (93.6%) filtered paired-sequences.
Read in 65935 paired-sequences, output 61629 (93.5%) filtered paired-sequences.
Read in 60330 paired-sequences, output 55809 (92.5%) filtered paired-sequences.
Read in 63891 paired-sequences, output 59450 (93%) filtered paired-sequences.
Read in 62265 paired-sequences, output 57447 (92.3%) filtered paired-sequences.
Read in 61720 paired-sequences, output 56978 (92.3%) filtered paired-sequences.
Read in 61222 paired-sequences, output 57193 (93.4%) filtered paired-sequences.
Read in 59966 paired-sequences, output 55792 (93%) filtered paired-sequences.
Read in 61002 paired-sequences, output 56895 (93.3%) filtered paired-sequences.
Read in 61827 paired-sequences, output 57547 (93.1%) filtered paired-sequences.
Read in 60424 paired-sequences, output 56010 (92.7%) filtered paired-sequences.
Read in 61094 paired-sequences, output 56399 (92.3%) filtered paired-sequences.
Read in 61489 paired-sequences, output 57355 (93.3%) filtered paired-sequences.
Read in 68075 paired-sequences, output 63599 (93.4%) filtered paired-sequences.
Read in 63084 paired-sequences, output 58817 (93.2%) filtered paired-sequences.
Read in 63046 paired-sequences, output 60474 (95.9%) filtered paired-sequences.
Read in 68181 paired-sequences, output 65271 (95.7%) filtered paired-sequences.
Read in 60606 paired-sequences, output 57954 (95.6%) filtered paired-sequences.
Read in 61485 paired-sequences, output 59065 (96.1%) filtered paired-sequences.
Read in 50559 paired-sequences, output 48637 (96.2%) filtered paired-sequences.
Read in 61065 paired-sequences, output 58795 (96.3%) filtered paired-sequences.
Read in 61159 paired-sequences, output 59074 (96.6%) filtered paired-sequences.
Read in 33887 paired-sequences, output 32661 (96.4%) filtered paired-sequences.
Read in 61255 paired-sequences, output 58962 (96.3%) filtered paired-sequences.
Read in 62862 paired-sequences, output 60508 (96.3%) filtered paired-sequences.
Read in 64338 paired-sequences, output 61993 (96.4%) filtered paired-sequences.
Read in 64105 paired-sequences, output 61424 (95.8%) filtered paired-sequences.
Read in 63514 paired-sequences, output 60952 (96%) filtered paired-sequences.
Read in 61971 paired-sequences, output 59543 (96.1%) filtered paired-sequences.
Read in 63612 paired-sequences, output 61055 (96%) filtered paired-sequences.
Read in 50751 paired-sequences, output 48650 (95.9%) filtered paired-sequences.
Read in 29162 paired-sequences, output 28136 (96.5%) filtered paired-sequences.
Read in 60874 paired-sequences, output 58975 (96.9%) filtered paired-sequences.
Read in 63314 paired-sequences, output 60971 (96.3%) filtered paired-sequences.
Read in 62401 paired-sequences, output 59933 (96%) filtered paired-sequences.
Read in 75818 paired-sequences, output 73052 (96.4%) filtered paired-sequences.
Read in 62337 paired-sequences, output 60009 (96.3%) filtered paired-sequences.
Read in 63590 paired-sequences, output 61252 (96.3%) filtered paired-sequences.
Read in 61813 paired-sequences, output 59451 (96.2%) filtered paired-sequences.
Read in 68644 paired-sequences, output 65895 (96%) filtered paired-sequences.
Read in 61500 paired-sequences, output 59274 (96.4%) filtered paired-sequences.
Read in 64203 paired-sequences, output 61643 (96%) filtered paired-sequences.
Read in 37714 paired-sequences, output 36254 (96.1%) filtered paired-sequences.
Read in 60055 paired-sequences, output 57941 (96.5%) filtered paired-sequences.
Read in 73880 paired-sequences, output 71366 (96.6%) filtered paired-sequences.
Read in 64095 paired-sequences, output 61800 (96.4%) filtered paired-sequences.
Read in 62942 paired-sequences, output 60676 (96.4%) filtered paired-sequences.
Read in 59058 paired-sequences, output 56864 (96.3%) filtered paired-sequences.
Read in 76775 paired-sequences, output 74109 (96.5%) filtered paired-sequences.
Read in 63045 paired-sequences, output 60537 (96%) filtered paired-sequences.
Read in 60128 paired-sequences, output 57780 (96.1%) filtered paired-sequences.
Read in 72326 paired-sequences, output 69366 (95.9%) filtered paired-sequences.
Read in 60619 paired-sequences, output 57817 (95.4%) filtered paired-sequences.
Read in 62882 paired-sequences, output 60049 (95.5%) filtered paired-sequences.
Read in 62984 paired-sequences, output 60108 (95.4%) filtered paired-sequences.
Read in 70125 paired-sequences, output 67047 (95.6%) filtered paired-sequences.
Read in 64697 paired-sequences, output 61580 (95.2%) filtered paired-sequences.
Read in 61767 paired-sequences, output 59104 (95.7%) filtered paired-sequences.
Read in 71007 paired-sequences, output 67858 (95.6%) filtered paired-sequences.
Read in 63760 paired-sequences, output 61098 (95.8%) filtered paired-sequences.
Read in 62761 paired-sequences, output 59770 (95.2%) filtered paired-sequences.
Read in 61336 paired-sequences, output 58709 (95.7%) filtered paired-sequences.
Read in 61301 paired-sequences, output 58122 (94.8%) filtered paired-sequences.
Read in 61279 paired-sequences, output 58372 (95.3%) filtered paired-sequences.
Read in 61164 paired-sequences, output 58347 (95.4%) filtered paired-sequences.
Read in 63147 paired-sequences, output 60391 (95.6%) filtered paired-sequences.
Read in 75784 paired-sequences, output 72430 (95.6%) filtered paired-sequences.
Read in 60312 paired-sequences, output 57450 (95.3%) filtered paired-sequences.
Read in 61654 paired-sequences, output 58841 (95.4%) filtered paired-sequences.
Read in 62539 paired-sequences, output 59763 (95.6%) filtered paired-sequences.
Read in 61836 paired-sequences, output 59168 (95.7%) filtered paired-sequences.
Read in 63888 paired-sequences, output 61084 (95.6%) filtered paired-sequences.
Read in 64762 paired-sequences, output 61698 (95.3%) filtered paired-sequences.
Read in 62338 paired-sequences, output 59598 (95.6%) filtered paired-sequences.
Read in 65234 paired-sequences, output 62516 (95.8%) filtered paired-sequences.
Read in 76970 paired-sequences, output 73701 (95.8%) filtered paired-sequences.
Read in 75742 paired-sequences, output 72502 (95.7%) filtered paired-sequences.
Read in 61957 paired-sequences, output 59314 (95.7%) filtered paired-sequences.
Read in 64470 paired-sequences, output 61620 (95.6%) filtered paired-sequences.
Read in 63027 paired-sequences, output 60106 (95.4%) filtered paired-sequences.
                      reads.in reads.out
Blank2.raw_1.fastq.gz      223       214
Blank3.raw_1.fastq.gz      725       693
Blank4.raw_1.fastq.gz     6595      6351
Blank5.raw_1.fastq.gz     1422      1366
Blank6.raw_1.fastq.gz     4913      4726
C005.raw_1.fastq.gz      59644     55981
  min_remaining median_remaining mean_remaining max_remaining
1         91.7%           93.59%         94.32%        96.88%
