Lmod has detected the following error: These module(s) or extension(s) exist
but cannot be loaded as requested: "gcc"
   Try: "module spider gcc" to see how to load the module(s).



Lmod has detected the following error: These module(s) or extension(s) exist
but cannot be loaded as requested: "shared"
   Try: "module spider shared" to see how to load the module(s).



[1] "R version 4.4.2 (2024-10-31)"
[1] "/home/WUR/kreek001/.R_442_ext"                                              
[2] "/shared/easybuild/software/noble/2024/zen3/R/4.4.2-gfbf-2024a/lib/R/library"
Loading required package: Rcpp
[1] '1.34.0'
Loading required package: BiocGenerics

Attaching package: 'BiocGenerics'

The following objects are masked from 'package:stats':

    IQR, mad, sd, var, xtabs

The following objects are masked from 'package:base':

    Filter, Find, Map, Position, Reduce, anyDuplicated, aperm, append,
    as.data.frame, basename, cbind, colnames, dirname, do.call,
    duplicated, eval, evalq, get, grep, grepl, intersect, is.unsorted,
    lapply, mapply, match, mget, order, paste, pmax, pmax.int, pmin,
    pmin.int, rank, rbind, rownames, sapply, saveRDS, setdiff, table,
    tapply, union, unique, unsplit, which.max, which.min

Loading required package: BiocParallel
Loading required package: Biostrings
Loading required package: S4Vectors
Loading required package: stats4

Attaching package: 'S4Vectors'

The following object is masked from 'package:utils':

    findMatches

The following objects are masked from 'package:base':

    I, expand.grid, unname

Loading required package: IRanges
Loading required package: XVector
Loading required package: GenomeInfoDb

Attaching package: 'Biostrings'

The following object is masked from 'package:base':

    strsplit

Loading required package: Rsamtools
Loading required package: GenomicRanges
Loading required package: GenomicAlignments
Loading required package: SummarizedExperiment
Loading required package: MatrixGenerics
Loading required package: matrixStats

Attaching package: 'MatrixGenerics'

The following objects are masked from 'package:matrixStats':

    colAlls, colAnyNAs, colAnys, colAvgsPerRowSet, colCollapse,
    colCounts, colCummaxs, colCummins, colCumprods, colCumsums,
    colDiffs, colIQRDiffs, colIQRs, colLogSumExps, colMadDiffs,
    colMads, colMaxs, colMeans2, colMedians, colMins, colOrderStats,
    colProds, colQuantiles, colRanges, colRanks, colSdDiffs, colSds,
    colSums2, colTabulates, colVarDiffs, colVars, colWeightedMads,
    colWeightedMeans, colWeightedMedians, colWeightedSds,
    colWeightedVars, rowAlls, rowAnyNAs, rowAnys, rowAvgsPerColSet,
    rowCollapse, rowCounts, rowCummaxs, rowCummins, rowCumprods,
    rowCumsums, rowDiffs, rowIQRDiffs, rowIQRs, rowLogSumExps,
    rowMadDiffs, rowMads, rowMaxs, rowMeans2, rowMedians, rowMins,
    rowOrderStats, rowProds, rowQuantiles, rowRanges, rowRanks,
    rowSdDiffs, rowSds, rowSums2, rowTabulates, rowVarDiffs, rowVars,
    rowWeightedMads, rowWeightedMeans, rowWeightedMedians,
    rowWeightedSds, rowWeightedVars

Loading required package: Biobase
Welcome to Bioconductor

    Vignettes contain introductory material; view with
    'browseVignettes()'. To cite Bioconductor, see
    'citation("Biobase")', and for packages 'citation("pkgname")'.


Attaching package: 'Biobase'

The following object is masked from 'package:MatrixGenerics':

    rowMedians

The following objects are masked from 'package:matrixStats':

    anyMissing, rowMedians

[1] '1.64.0'

Attaching package: 'dplyr'

The following object is masked from 'package:ShortRead':

    id

The following objects are masked from 'package:GenomicAlignments':

    first, last

The following object is masked from 'package:Biobase':

    combine

The following object is masked from 'package:matrixStats':

    count

The following objects are masked from 'package:GenomicRanges':

    intersect, setdiff, union

The following objects are masked from 'package:Biostrings':

    collapse, intersect, setdiff, setequal, union

The following object is masked from 'package:GenomeInfoDb':

    intersect

The following object is masked from 'package:XVector':

    slice

The following objects are masked from 'package:IRanges':

    collapse, desc, intersect, setdiff, slice, union

The following objects are masked from 'package:S4Vectors':

    first, intersect, rename, setdiff, setequal, union

The following objects are masked from 'package:BiocGenerics':

    combine, intersect, setdiff, union

The following objects are masked from 'package:stats':

    filter, lag

The following objects are masked from 'package:base':

    intersect, setdiff, setequal, union

[1] '1.1.4'

Attaching package: 'tidyr'

The following object is masked from 'package:S4Vectors':

    expand

[1] '1.3.1'

Attaching package: 'Hmisc'

The following objects are masked from 'package:dplyr':

    src, summarize

The following object is masked from 'package:ShortRead':

    zoom

The following object is masked from 'package:Biobase':

    contents

The following objects are masked from 'package:Biostrings':

    mask, translate

The following objects are masked from 'package:base':

    format.pval, units

[1] '5.2.3'
[1] '4.0.0'

Attaching package: 'plotly'

The following object is masked from 'package:ggplot2':

    last_plot

The following object is masked from 'package:Hmisc':

    subplot

The following object is masked from 'package:XVector':

    slice

The following object is masked from 'package:IRanges':

    slice

The following object is masked from 'package:S4Vectors':

    rename

The following object is masked from 'package:stats':

    filter

The following object is masked from 'package:graphics':

    layout

[1] '4.11.0'
[1] 83.76272
[1]    406 389756
[1]    406 389756
[1]    406 362642
[1]    406 226072
[1]    406 111011
       Sample input filtered denoisedF denoisedR merged nonchim
Blank2 Blank2   223      214       199       202    189     189
Blank3 Blank3   725      693       618       615    507     499
Blank4 Blank4  6595     6351      6193      6221   6088    6074
Blank5 Blank5  1422     1366      1291      1273   1156    1149
Blank6 Blank6  4913     4726      4575      4581   4301    4245
C005     C005 59644    55981     49841     48953  31585   23918
  filtered_pct_avg denoisedF_pct_avg denoisedR_pct_avg merged_pct_avg
1         94.32396          88.82443          88.70717       65.30045
  nonchim_pct_avg total_pct_avg
1        81.46147      44.86509
  filtered_pct_avg denoisedF_pct_avg denoisedR_pct_avg merged_pct_avg
1         94.32396          88.82443          88.70717       65.30045
  nonchim_pct_avg total_pct_avg
1        81.46147      44.86509
  filtered_pct_avg denoisedF_pct_avg denoisedR_pct_avg merged_pct_avg
1         93.58847          88.53168           88.4428       63.76501
  nonchim_pct_avg total_pct_avg
1         81.0026      42.68374
Warning messages:
1: The `fun.y` argument of `stat_summary()` is deprecated as of ggplot2 3.3.0.
i Please use the `fun` argument instead. 
2: Using `size` aesthetic for lines was deprecated in ggplot2 3.4.0.
i Please use `linewidth` instead. 
